Manhattan Zoo
Zookeeper Intern Onboarding:
Meal Guidelines

1. California Sea Lions
Meal: 40 lbs. salmon, 40 lbs. herring, 20 lbs. Northern Anchovy, 20 lbs. Octupus
Times: 6:00 am, 9:00 am, 12:00 pm, 3:00 pm, 6:00 pm, 9:00 pm
Directions: Leave buckets for trainer at 12:00 pm and 3:00 pm, otherwise, follow standard protocol.

2. Ring-tailed Lemurs
Meal: 10 bags Tamarind pods
Times: 6:00 am, 3:00 pm, 8:00 pm
Directions: Empty bags over meadow area during designated times

3. Long-Tailed Chinchillas
Meal: 1 bag animal pellets, 1 bag dried fruit, 1/2 bag cashews, 5 carrots, 3 stalks kale
Times: 8:00 am
Directions: disperse contents throughout Chinchilla habitat

4. Poison Dart Frogs
Meal: 1 bag small crickets
Times: 6:00 am
Directions: empty bag in frog habitat once daily. Do not touch frogs! Extremely poisonous.
 
5. Western Lowland Gorilla
Meal: (Morning) 20 lbs. kale, 10 lbs. celery, 10 lbs. green beans, 5 lbs. carrots, 1 bag sweet potatoes. (Evening) 10 Bananas, 10 apples, 5 oranges, 5 mango, 20 lbs. grapes, 10 lbs. turnips, 5 lbs. white potatoes
Times: 6:30 am, 12:00 pm, 7:00 pm
Directions: feed Gorillas in the morning as group, spread forage items during noon meal, and divide quantities for individual feeding in evening

# Bash
$ git init
Initialized empty Git repository in /home/ccuser/workspace/manhattan-zoo-1/.git/
$ git status
On branch master

Initial commit

Untracked files:
  (use "git add <file>..." to include in what will be committed)

        meal-regimens.txt

nothing added to commit but untracked files present (use "git add" to track)
$ git add meal-regimens.txt
$ git commit -m "added file name"
[master (root-commit) 754e1ce] added file name
 1 file changed, 14 insertions(+)
 create mode 100644 meal-regimens.txt
$ git diff meal-regimens.txt
$ git status
On branch master
Changes not staged for commit:
  (use "git add <file>..." to update what will be committed)
  (use "git checkout -- <file>..." to discard changes in working directory)

        modified:   meal-regimens.txt

no changes added to commit (use "git add" and/or "git commit -a")
$ git commit -m "added more info"
On branch master
Changes not staged for commit:
        modified:   meal-regimens.txt

no changes added to commit
$ git log
commit 754e1ce3cd113be4403b482eaa2aea35aa4750d8
Author: codecademy <ccuser@codecademy.com>
Date:   Fri Apr 15 14:07:03 2022 +0000

    added file name
$ git diff meal-regimens.txt
diff --git a/meal-regimens.txt b/meal-regimen
diff --git a/meal-regimens.txt b/meal-regimens.txt
index 7d1e0c2..b4400e7 100644
--- a/meal-regimens.txt
+++ b/meal-regimens.txt
@@ -12,3 +12,17 @@ Meal: 10 bags Tamarind pods
 Times: 6:00 am, 3:00 pm, 8:00 pm
 Directions: Empty bags over meadow area during designated times
 
+3. Long-Tailed Chinchillas
+Meal: 1 bag animal pellets, 1 bag dried fruit, 1/2 bag cashews, 5 carrots, 3 stalks kale
+Times: 8:00 am
+Directions: disperse contents throughout Chinchilla habitat
+
$ git commit -m "more"
On branch master
Changes not staged for commit:
        modified:   meal-regimens.txt

no changes added to commit
$ git log
commit 754e1ce3cd113be4403b482eaa2aea35aa4750d8
Author: codecademy <ccuser@codecademy.com>
Date:   Fri Apr 15 14:07:03 2022 +0000

    added file name